scripts/create-test-user.ts(48,8): error TS2769: No overload matches this call.
  Overload 1 of 2, '(value: { id: string | SQL<unknown> | Placeholder<string, any>; name: string | SQL<unknown> | Placeholder<string, any>; email: string | SQL<unknown> | Placeholder<string, any>; ... 10 more ...; subscriptionExpiresAt?: Date | ... 3 more ... | undefined; }): PgInsertBase<...>', gave the following error.
    Argument of type '{ email: string; emailVerified: true; name: string; image: null; createdAt: Date; updatedAt: Date; }' is not assignable to parameter of type '{ id: string | SQL<unknown> | Placeholder<string, any>; name: string | SQL<unknown> | Placeholder<string, any>; email: string | SQL<unknown> | Placeholder<string, any>; ... 10 more ...; subscriptionExpiresAt?: Date | ... 3 more ... | undefined; }'.
      Property 'id' is missing in type '{ email: string; emailVerified: true; name: string; image: null; createdAt: Date; updatedAt: Date; }' but required in type '{ id: string | SQL<unknown> | Placeholder<string, any>; name: string | SQL<unknown> | Placeholder<string, any>; email: string | SQL<unknown> | Placeholder<string, any>; ... 10 more ...; subscriptionExpiresAt?: Date | ... 3 more ... | undefined; }'.
  Overload 2 of 2, '(values: { id: string | SQL<unknown> | Placeholder<string, any>; name: string | SQL<unknown> | Placeholder<string, any>; email: string | SQL<unknown> | Placeholder<string, any>; ... 10 more ...; subscriptionExpiresAt?: Date | ... 3 more ... | undefined; }[]): PgInsertBase<...>', gave the following error.
    Object literal may only specify known properties, and 'email' does not exist in type '{ id: string | SQL<unknown> | Placeholder<string, any>; name: string | SQL<unknown> | Placeholder<string, any>; email: string | SQL<unknown> | Placeholder<string, any>; ... 10 more ...; subscriptionExpiresAt?: Date | ... 3 more ... | undefined; }[]'.
scripts/seed-autonomous-actions.ts(263,47): error TS2769: No overload matches this call.
  Overload 1 of 2, '(value: { id: string | SQL<unknown> | Placeholder<string, any>; description: string | SQL<unknown> | Placeholder<string, any>; actionType: string | SQL<unknown> | Placeholder<...>; ... 17 more ...; analysisId?: string | ... 3 more ... | undefined; }): PgInsertBase<...>', gave the following error.
    Argument of type '{ id: string; actionType: string; targetSystem: "odoo"; targetId: string; description: string; parameters: { invoice_id: number; partner_name: string; amount: number; days_overdue: number; }; ... 9 more ...; result?: undefined; } | { ...; } | { ...; } | { ...; }' is not assignable to parameter of type '{ id: string | SQL<unknown> | Placeholder<string, any>; description: string | SQL<unknown> | Placeholder<string, any>; actionType: string | SQL<unknown> | Placeholder<...>; ... 17 more ...; analysisId?: string | ... 3 more ... | undefined; }'.
      Type '{ id: string; actionType: string; targetSystem: "odoo"; targetId: string; description: string; parameters: { invoice_id: number; partner_name: string; amount: number; days_overdue: number; }; decisionReasoning: string; ... 8 more ...; result?: undefined; }' is not assignable to type '{ id: string | SQL<unknown> | Placeholder<string, any>; description: string | SQL<unknown> | Placeholder<string, any>; actionType: string | SQL<unknown> | Placeholder<...>; ... 17 more ...; analysisId?: string | ... 3 more ... | undefined; }'.
        Types of property 'safeOperation' are incompatible.
          Type 'boolean' is not assignable to type 'string | SQL<unknown> | Placeholder<string, any> | null | undefined'.
  Overload 2 of 2, '(values: { id: string | SQL<unknown> | Placeholder<string, any>; description: string | SQL<unknown> | Placeholder<string, any>; actionType: string | SQL<unknown> | Placeholder<...>; ... 17 more ...; analysisId?: string | ... 3 more ... | undefined; }[]): PgInsertBase<...>', gave the following error.
    Argument of type '{ id: string; actionType: string; targetSystem: "odoo"; targetId: string; description: string; parameters: { invoice_id: number; partner_name: string; amount: number; days_overdue: number; }; ... 9 more ...; result?: undefined; } | { ...; } | { ...; } | { ...; }' is not assignable to parameter of type '{ id: string | SQL<unknown> | Placeholder<string, any>; description: string | SQL<unknown> | Placeholder<string, any>; actionType: string | SQL<unknown> | Placeholder<...>; ... 17 more ...; analysisId?: string | ... 3 more ... | undefined; }[]'.
      Type '{ id: string; actionType: string; targetSystem: "odoo"; targetId: string; description: string; parameters: { invoice_id: number; partner_name: string; amount: number; days_overdue: number; }; decisionReasoning: string; ... 8 more ...; result?: undefined; }' is missing the following properties from type '{ id: string | SQL<unknown> | Placeholder<string, any>; description: string | SQL<unknown> | Placeholder<string, any>; actionType: string | SQL<unknown> | Placeholder<...>; ... 17 more ...; analysisId?: string | ... 3 more ... | undefined; }[]': length, pop, push, concat, and 29 more.
src/components/AddContentDialog.tsx(9,40): error TS2307: Cannot find module '~/hooks/useModules' or its corresponding type declarations.
src/components/ContentForm.tsx(6,62): error TS2307: Cannot find module '~/fn/modules' or its corresponding type declarations.
src/components/ContentForm.tsx(193,46): error TS7006: Parameter 'type' implicitly has an 'any' type.
src/data-access/expense-gl-posting.ts(197,7): error TS2554: Expected 1 arguments, but got 5.
src/data-access/expense-gl-posting.ts(244,7): error TS2554: Expected 1 arguments, but got 5.
src/data-access/expense-gl-posting.ts(397,7): error TS2554: Expected 1 arguments, but got 5.
src/data-access/expense-gl-posting.ts(511,7): error TS2322: Type 'string | undefined' is not assignable to type 'string | null'.
  Type 'undefined' is not assignable to type 'string | null'.
src/data-access/expense-gl-posting.ts(512,7): error TS2322: Type 'string | undefined' is not assignable to type 'string | null'.
  Type 'undefined' is not assignable to type 'string | null'.
src/data-access/expense-gl-posting.ts(513,7): error TS2322: Type 'string | undefined' is not assignable to type 'string | null'.
  Type 'undefined' is not assignable to type 'string | null'.
src/data-access/expense-gl-posting.ts(526,5): error TS2322: Type '{ description: string; debit: number; credit: number; accountCode: string; costCenter: string | null; department: string | null; projectCode: string | null; partnerId: number | undefined; taxCode: string | undefined; taxAmount: number | undefined; }[]' is not assignable to type 'GLPostingLineItem[]'.
  Type '{ description: string; debit: number; credit: number; accountCode: string; costCenter: string | null; department: string | null; projectCode: string | null; partnerId: number | undefined; taxCode: string | undefined; taxAmount: number | undefined; }' is not assignable to type 'GLPostingLineItem'.
    Types of property 'costCenter' are incompatible.
      Type 'string | null' is not assignable to type 'string | undefined'.
        Type 'null' is not assignable to type 'string | undefined'.
src/data-access/expense-vouchers.ts(231,19): error TS7006: Parameter 'history' implicitly has an 'any' type.
src/data-access/expense-vouchers.ts(231,30): error TS7031: Binding element 'asc' implicitly has an 'any' type.
src/data-access/md-dashboard.ts(140,32): error TS2339: Property 'priority' does not exist on type 'PgTableWithColumns<{ name: "expense_request"; schema: undefined; columns: { id: PgColumn<{ name: "id"; tableName: "expense_request"; dataType: "string"; columnType: "PgText"; data: string; driverParam: string; notNull: true; ... 7 more ...; generated: undefined; }, {}, {}>; ... 14 more ...; receiptUrl: PgColumn<...>...'.
src/data-access/md-dashboard.ts(150,32): error TS2339: Property 'priority' does not exist on type 'PgTableWithColumns<{ name: "expense_request"; schema: undefined; columns: { id: PgColumn<{ name: "id"; tableName: "expense_request"; dataType: "string"; columnType: "PgText"; data: string; driverParam: string; notNull: true; ... 7 more ...; generated: undefined; }, {}, {}>; ... 14 more ...; receiptUrl: PgColumn<...>...'.
src/data-access/md-dashboard.ts(155,29): error TS2339: Property 'priority' does not exist on type 'PgTableWithColumns<{ name: "expense_request"; schema: undefined; columns: { id: PgColumn<{ name: "id"; tableName: "expense_request"; dataType: "string"; columnType: "PgText"; data: string; driverParam: string; notNull: true; ... 7 more ...; generated: undefined; }, {}, {}>; ... 14 more ...; receiptUrl: PgColumn<...>...'.
src/data-access/posts.ts(65,3): error TS2322: Type '{ id: string; title: string | null; content: string; category: string; isPinned: boolean; isQuestion: boolean; userId: string; createdAt: Date; updatedAt: Date; deletedAt: Date | null; user: { ...; }; }' is not assignable to type 'PostWithUser'.
  Property 'tenantId' is missing in type '{ id: string; title: string | null; content: string; category: string; isPinned: boolean; isQuestion: boolean; userId: string; createdAt: Date; updatedAt: Date; deletedAt: Date | null; user: { ...; }; }' but required in type '{ content: string; id: string; createdAt: Date; updatedAt: Date; title: string | null; userId: string; tenantId: string | null; category: string; isPinned: boolean; isQuestion: boolean; deletedAt: Date | null; }'.
src/data-access/posts.ts(100,3): error TS2322: Type '{ id: string; title: string | null; content: string; category: string; isPinned: boolean; isQuestion: boolean; userId: string; createdAt: Date; updatedAt: Date; deletedAt: Date | null; user: { ...; }; }[]' is not assignable to type 'PostWithUser[]'.
  Type '{ id: string; title: string | null; content: string; category: string; isPinned: boolean; isQuestion: boolean; userId: string; createdAt: Date; updatedAt: Date; deletedAt: Date | null; user: { ...; }; }' is not assignable to type 'PostWithUser'.
    Property 'tenantId' is missing in type '{ id: string; title: string | null; content: string; category: string; isPinned: boolean; isQuestion: boolean; userId: string; createdAt: Date; updatedAt: Date; deletedAt: Date | null; user: { ...; }; }' but required in type '{ content: string; id: string; createdAt: Date; updatedAt: Date; title: string | null; userId: string; tenantId: string | null; category: string; isPinned: boolean; isQuestion: boolean; deletedAt: Date | null; }'.
src/data-access/reports.ts(517,17): error TS2339: Property 'count' does not exist on type 'QueryResult<never>'.
src/fn/ai-conversations.ts(335,12): error TS2345: Argument of type '({ data, context }: ServerFnCtx<Register, readonly [FunctionMiddlewareAfterServer<{}, unknown, undefined, { userId: string; }, undefined, undefined, undefined>], ZodObject<{ conversationId: ZodString; ... 4 more ...; enableCaching: ZodOptional<...>; }, $strip>>) => Promise<...>' is not assignable to parameter of type 'ServerFn<Register, "POST", readonly [FunctionMiddlewareAfterServer<{}, unknown, undefined, { userId: string; }, undefined, undefined, undefined>], ZodObject<...>, Promise<...>>'.
  Type 'Promise<{ success: true; userMessage: { content: string; id: string; role: string; metadata: string | null; createdAt: Date; conversationId: string; sequenceNumber: number; inputTokens: number | null; outputTokens: number | null; parentMessageId: string | null; feedbackRating: number | null; feedbackText: string | n...' is not assignable to type 'Promise<{ success: true; userMessage: { content: string; id: string; role: string; metadata: string | null; createdAt: Date; conversationId: string; sequenceNumber: number; inputTokens: number | null; outputTokens: number | null; parentMessageId: string | null; feedbackRating: number | null; feedbackText: string | n...'. Two different types with this name exist, but they are unrelated.
    Type '{ success: true; userMessage: { content: string; id: string; role: string; metadata: string | null; createdAt: Date; conversationId: string; sequenceNumber: number; inputTokens: number | null; outputTokens: number | null; parentMessageId: string | null; feedbackRating: number | null; feedbackText: string | null; }; ...' is not assignable to type '{ success: true; userMessage: { content: string; id: string; role: string; metadata: string | null; createdAt: Date; conversationId: string; sequenceNumber: number; inputTokens: number | null; outputTokens: number | null; parentMessageId: string | null; feedbackRating: number | null; feedbackText: string | null; }; ...'. Two different types with this name exist, but they are unrelated.
      Type '{ success: true; userMessage: { content: string; id: string; role: string; metadata: string | null; createdAt: Date; conversationId: string; sequenceNumber: number; inputTokens: number | null; outputTokens: number | null; parentMessageId: string | null; feedbackRating: number | null; feedbackText: string | null; }; ...' is not assignable to type '{ success: true; userMessage: { content: string; id: string; role: string; metadata: string | null; createdAt: Date; conversationId: string; sequenceNumber: number; inputTokens: number | null; outputTokens: number | null; parentMessageId: string | null; feedbackRating: number | null; feedbackText: string | null; }; ...'. Two different types with this name exist, but they are unrelated.
        Type '{ success: true; userMessage: { content: string; id: string; role: string; metadata: string | null; createdAt: Date; conversationId: string; sequenceNumber: number; inputTokens: number | null; outputTokens: number | null; parentMessageId: string | null; feedbackRating: number | null; feedbackText: string | null; }; ...' is not assignable to type '{ success: true; userMessage: { content: string; id: string; role: string; metadata: string | null; createdAt: Date; conversationId: string; sequenceNumber: number; inputTokens: number | null; outputTokens: number | null; parentMessageId: string | null; feedbackRating: number | null; feedbackText: string | null; }; ...'. Two different types with this name exist, but they are unrelated.
          The types of 'response.content' are incompatible between these types.
            Type 'ContentBlock[]' is not assignable to type '({ type: "text"; text: string; } | { type: "image"; source: { type: "url" | "base64"; media_type: "image/jpeg" | "image/png" | "image/gif" | "image/webp"; data?: string | undefined; url?: string | undefined; }; } | { ...; } | { ...; })[]'.
              Type 'ContentBlock' is not assignable to type '{ type: "text"; text: string; } | { type: "image"; source: { type: "url" | "base64"; media_type: "image/jpeg" | "image/png" | "image/gif" | "image/webp"; data?: string | undefined; url?: string | undefined; }; } | { ...; } | { ...; }'.
                Type 'ToolUseContent' is not assignable to type '{ type: "text"; text: string; } | { type: "image"; source: { type: "url" | "base64"; media_type: "image/jpeg" | "image/png" | "image/gif" | "image/webp"; data?: string | undefined; url?: string | undefined; }; } | { ...; } | { ...; }'.
                  Type 'ToolUseContent' is not assignable to type '{ type: "tool_use"; id: string; name: string; input: { [x: string]: {}; }; }'.
                    Types of property 'input' are incompatible.
                      Type 'Record<string, unknown>' is not assignable to type '{ [x: string]: {}; }'.
                        'string' index signatures are incompatible.
                          Type 'unknown' is not assignable to type '{}'.
src/fn/anomaly-detection.ts(434,12): error TS2345: Argument of type '({ data, context }: ServerFnCtx<Register, readonly [FunctionMiddlewareAfterServer<{}, unknown, undefined, { userId: string; }, undefined, undefined, undefined>], ZodObject<{ value: ZodNumber; ... 5 more ...; historicalDays: ZodDefault<...>; }, $strip>>) => Promise<...>' is not assignable to parameter of type 'ServerFn<Register, "POST", readonly [FunctionMiddlewareAfterServer<{}, unknown, undefined, { userId: string; }, undefined, undefined, undefined>], ZodObject<...>, Promise<...>>'.
  Type 'Promise<{ isAnomaly: true; result: AnomalyDetectionResult; alertId: string; } | { isAnomaly: false; result: null; alertId: null; }>' is not assignable to type 'Promise<{ isAnomaly: true; result: { id: string; algorithm: AnomalyAlgorithm; category: AnomalyCategory; severity: AnomalySeverity; score: number; ... 13 more ...; relatedDataPoints?: { ...; }[] | undefined; }; alertId: string; } | { ...; }>'.
    Type '{ isAnomaly: true; result: AnomalyDetectionResult; alertId: string; } | { isAnomaly: false; result: null; alertId: null; }' is not assignable to type '{ isAnomaly: true; result: { id: string; algorithm: AnomalyAlgorithm; category: AnomalyCategory; severity: AnomalySeverity; score: number; ... 13 more ...; relatedDataPoints?: { ...; }[] | undefined; }; alertId: string; } | { ...; }'.
      Type '{ isAnomaly: true; result: AnomalyDetectionResult; alertId: string; }' is not assignable to type '{ isAnomaly: true; result: { id: string; algorithm: AnomalyAlgorithm; category: AnomalyCategory; severity: AnomalySeverity; score: number; ... 13 more ...; relatedDataPoints?: { ...; }[] | undefined; }; alertId: string; } | { ...; }'.
        Type '{ isAnomaly: true; result: AnomalyDetectionResult; alertId: string; }' is not assignable to type '{ isAnomaly: true; result: { id: string; algorithm: AnomalyAlgorithm; category: AnomalyCategory; severity: AnomalySeverity; score: number; ... 13 more ...; relatedDataPoints?: { ...; }[] | undefined; }; alertId: string; }'.
          The types of 'result.relatedDataPoints' are incompatible between these types.
            Type 'DataPoint[] | undefined' is not assignable to type '{ timestamp: Date; value: number; metadata?: { [x: string]: {}; } | undefined; }[] | undefined'.
              Type 'DataPoint[]' is not assignable to type '{ timestamp: Date; value: number; metadata?: { [x: string]: {}; } | undefined; }[]'.
                Type 'DataPoint' is not assignable to type '{ timestamp: Date; value: number; metadata?: { [x: string]: {}; } | undefined; }'.
                  Types of property 'metadata' are incompatible.
                    Type 'Record<string, unknown> | undefined' is not assignable to type '{ [x: string]: {}; } | undefined'.
                      Type 'Record<string, unknown>' is not assignable to type '{ [x: string]: {}; }'.
                        'string' index signatures are incompatible.
                          Type 'unknown' is not assignable to type '{}'.
src/fn/claude.ts(46,14): error TS2554: Expected 2-3 arguments, but got 1.
src/fn/claude.ts(63,17): error TS2554: Expected 2-3 arguments, but got 1.
src/fn/claude.ts(67,14): error TS2554: Expected 2-3 arguments, but got 1.
src/fn/claude.ts(164,12): error TS2345: Argument of type '({ data, context }: ServerFnCtx<Register, readonly [FunctionMiddlewareAfterServer<{}, unknown, undefined, { userId: string; }, undefined, undefined, undefined>], ZodObject<{ messages: ZodArray<...>; ... 4 more ...; enableCaching: ZodOptional<...>; }, $strip>>) => Promise<...>' is not assignable to parameter of type 'ServerFn<Register, "POST", readonly [FunctionMiddlewareAfterServer<{}, unknown, undefined, { userId: string; }, undefined, undefined, undefined>], ZodObject<...>, Promise<...>>'.
  Type 'Promise<SendClaudeMessageResult>' is not assignable to type 'Promise<{ success: true; response: { id: string; content: ({ type: "text"; text: string; } | { type: "image"; source: { type: "url" | "base64"; media_type: "image/jpeg" | "image/png" | "image/gif" | "image/webp"; data?: string | undefined; url?: string | undefined; }; } | { ...; } | { ...; })[]; model: string; stopR...'.
    Type 'SendClaudeMessageResult' is not assignable to type '{ success: true; response: { id: string; content: ({ type: "text"; text: string; } | { type: "image"; source: { type: "url" | "base64"; media_type: "image/jpeg" | "image/png" | "image/gif" | "image/webp"; data?: string | undefined; url?: string | undefined; }; } | { ...; } | { ...; })[]; model: string; stopReason: s...'.
      Type '{ success: true; response: { id: string; content: ContentBlock[]; model: string; stopReason: string | null; usage: Usage; }; cacheStats?: CacheStats | undefined; }' is not assignable to type '{ success: true; response: { id: string; content: ({ type: "text"; text: string; } | { type: "image"; source: { type: "url" | "base64"; media_type: "image/jpeg" | "image/png" | "image/gif" | "image/webp"; data?: string | undefined; url?: string | undefined; }; } | { ...; } | { ...; })[]; model: string; stopReason: s...'.
        Type '{ success: true; response: { id: string; content: ContentBlock[]; model: string; stopReason: string | null; usage: Usage; }; cacheStats?: CacheStats | undefined; }' is not assignable to type '{ success: true; response: { id: string; content: ({ type: "text"; text: string; } | { type: "image"; source: { type: "url" | "base64"; media_type: "image/jpeg" | "image/png" | "image/gif" | "image/webp"; data?: string | undefined; url?: string | undefined; }; } | { ...; } | { ...; })[]; model: string; stopReason: s...'.
          The types of 'response.content' are incompatible between these types.
            Type 'ContentBlock[]' is not assignable to type '({ type: "text"; text: string; } | { type: "image"; source: { type: "url" | "base64"; media_type: "image/jpeg" | "image/png" | "image/gif" | "image/webp"; data?: string | undefined; url?: string | undefined; }; } | { ...; } | { ...; })[]'.
              Type 'ContentBlock' is not assignable to type '{ type: "text"; text: string; } | { type: "image"; source: { type: "url" | "base64"; media_type: "image/jpeg" | "image/png" | "image/gif" | "image/webp"; data?: string | undefined; url?: string | undefined; }; } | { ...; } | { ...; }'.
                Type 'ToolUseContent' is not assignable to type '{ type: "text"; text: string; } | { type: "image"; source: { type: "url" | "base64"; media_type: "image/jpeg" | "image/png" | "image/gif" | "image/webp"; data?: string | undefined; url?: string | undefined; }; } | { ...; } | { ...; }'.
                  Type 'ToolUseContent' is not assignable to type '{ type: "tool_use"; id: string; name: string; input: { [x: string]: {}; }; }'.
                    Types of property 'input' are incompatible.
                      Type 'Record<string, unknown>' is not assignable to type '{ [x: string]: {}; }'.
                        'string' index signatures are incompatible.
                          Type 'unknown' is not assignable to type '{}'.
src/fn/claude.ts(234,12): error TS2345: Argument of type '({ data, context }: ServerFnCtx<Register, readonly [FunctionMiddlewareAfterServer<{}, unknown, undefined, { userId: string; }, undefined, undefined, undefined>], ZodObject<{ messages: ZodArray<...>; ... 5 more ...; temperature: ZodOptional<...>; }, $strip>>) => Promise<...>' is not assignable to parameter of type 'ServerFn<Register, "POST", readonly [FunctionMiddlewareAfterServer<{}, unknown, undefined, { userId: string; }, undefined, undefined, undefined>], ZodObject<...>, Promise<...>>'.
  Type 'Promise<SendClaudeMessageWithToolsResult>' is not assignable to type 'Promise<{ success: true; response: { id: string; content: ({ type: "text"; text: string; } | { type: "image"; source: { type: "url" | "base64"; media_type: "image/jpeg" | "image/png" | "image/gif" | "image/webp"; data?: string | undefined; url?: string | undefined; }; } | { ...; } | { ...; })[]; model: string; stopR...'.
    Type 'SendClaudeMessageWithToolsResult' is not assignable to type '{ success: true; response: { id: string; content: ({ type: "text"; text: string; } | { type: "image"; source: { type: "url" | "base64"; media_type: "image/jpeg" | "image/png" | "image/gif" | "image/webp"; data?: string | undefined; url?: string | undefined; }; } | { ...; } | { ...; })[]; model: string; stopReason: s...'.
      Type '{ success: true; response: { id: string; content: ContentBlock[]; model: string; stopReason: string | null; usage: Usage; }; }' is not assignable to type '{ success: true; response: { id: string; content: ({ type: "text"; text: string; } | { type: "image"; source: { type: "url" | "base64"; media_type: "image/jpeg" | "image/png" | "image/gif" | "image/webp"; data?: string | undefined; url?: string | undefined; }; } | { ...; } | { ...; })[]; model: string; stopReason: s...'.
        Type '{ success: true; response: { id: string; content: ContentBlock[]; model: string; stopReason: string | null; usage: Usage; }; }' is not assignable to type '{ success: true; response: { id: string; content: ({ type: "text"; text: string; } | { type: "image"; source: { type: "url" | "base64"; media_type: "image/jpeg" | "image/png" | "image/gif" | "image/webp"; data?: string | undefined; url?: string | undefined; }; } | { ...; } | { ...; })[]; model: string; stopReason: s...'.
          The types of 'response.content' are incompatible between these types.
            Type 'ContentBlock[]' is not assignable to type '({ type: "text"; text: string; } | { type: "image"; source: { type: "url" | "base64"; media_type: "image/jpeg" | "image/png" | "image/gif" | "image/webp"; data?: string | undefined; url?: string | undefined; }; } | { ...; } | { ...; })[]'.
              Type 'ContentBlock' is not assignable to type '{ type: "text"; text: string; } | { type: "image"; source: { type: "url" | "base64"; media_type: "image/jpeg" | "image/png" | "image/gif" | "image/webp"; data?: string | undefined; url?: string | undefined; }; } | { ...; } | { ...; }'.
                Type 'ToolUseContent' is not assignable to type '{ type: "text"; text: string; } | { type: "image"; source: { type: "url" | "base64"; media_type: "image/jpeg" | "image/png" | "image/gif" | "image/webp"; data?: string | undefined; url?: string | undefined; }; } | { ...; } | { ...; }'.
                  Type 'ToolUseContent' is not assignable to type '{ type: "tool_use"; id: string; name: string; input: { [x: string]: {}; }; }'.
                    Types of property 'input' are incompatible.
                      Type 'Record<string, unknown>' is not assignable to type '{ [x: string]: {}; }'.
                        'string' index signatures are incompatible.
                          Type 'unknown' is not assignable to type '{}'.
src/fn/crm-call-logging.ts(396,12): error TS2345: Argument of type '({ data, context }: ServerFnCtx<Register, readonly [FunctionMiddlewareAfterServer<{}, unknown, undefined, { userId: string; }, undefined, undefined, undefined>], ZodObject<{ callRecordId: ZodString; options: ZodOptional<...>; }, $strip>>) => Promise<...>' is not assignable to parameter of type 'ServerFn<Register, "POST", readonly [FunctionMiddlewareAfterServer<{}, unknown, undefined, { userId: string; }, undefined, undefined, undefined>], ZodObject<...>, Promise<...>>'.
  Type 'Promise<{ success: boolean; syncId: string; isExisting?: boolean | undefined; partnerId?: number | undefined; leadId?: number | undefined; activityId?: number | undefined; messageId?: number | undefined; details?: Record<...> | undefined; error?: string | undefined; }>' is not assignable to type 'Promise<{ success: boolean; syncId: string; isExisting?: boolean | undefined; partnerId?: number | undefined; leadId?: number | undefined; activityId?: number | undefined; messageId?: number | undefined; details?: { ...; } | undefined; error?: string | undefined; }>'.
    Type '{ success: boolean; syncId: string; isExisting?: boolean | undefined; partnerId?: number | undefined; leadId?: number | undefined; activityId?: number | undefined; messageId?: number | undefined; details?: Record<...> | undefined; error?: string | undefined; }' is not assignable to type '{ success: boolean; syncId: string; isExisting?: boolean | undefined; partnerId?: number | undefined; leadId?: number | undefined; activityId?: number | undefined; messageId?: number | undefined; details?: { ...; } | undefined; error?: string | undefined; }'.
      Types of property 'details' are incompatible.
        Type 'Record<string, unknown> | undefined' is not assignable to type '{ [x: string]: {}; } | undefined'.
          Type 'Record<string, unknown>' is not assignable to type '{ [x: string]: {}; }'.
            'string' index signatures are incompatible.
              Type 'unknown' is not assignable to type '{}'.
src/fn/crm-call-logging.ts(423,12): error TS2345: Argument of type '({ data, context }: ServerFnCtx<Register, readonly [FunctionMiddlewareAfterServer<{}, unknown, undefined, { userId: string; }, undefined, undefined, undefined>], ZodObject<{ id: ZodString; options: ZodOptional<...>; }, $strip>>) => Promise<...>' is not assignable to parameter of type 'ServerFn<Register, "POST", readonly [FunctionMiddlewareAfterServer<{}, unknown, undefined, { userId: string; }, undefined, undefined, undefined>], ZodObject<...>, Promise<...>>'.
  Type 'Promise<{ success: boolean; syncId: string; isExisting?: boolean | undefined; partnerId?: number | undefined; leadId?: number | undefined; activityId?: number | undefined; messageId?: number | undefined; details?: Record<...> | undefined; error?: string | undefined; }>' is not assignable to type 'Promise<{ success: boolean; syncId: string; isExisting?: boolean | undefined; partnerId?: number | undefined; leadId?: number | undefined; activityId?: number | undefined; messageId?: number | undefined; details?: { ...; } | undefined; error?: string | undefined; }>'.
    Type '{ success: boolean; syncId: string; isExisting?: boolean | undefined; partnerId?: number | undefined; leadId?: number | undefined; activityId?: number | undefined; messageId?: number | undefined; details?: Record<...> | undefined; error?: string | undefined; }' is not assignable to type '{ success: boolean; syncId: string; isExisting?: boolean | undefined; partnerId?: number | undefined; leadId?: number | undefined; activityId?: number | undefined; messageId?: number | undefined; details?: { ...; } | undefined; error?: string | undefined; }'.
      Types of property 'details' are incompatible.
        Type 'Record<string, unknown> | undefined' is not assignable to type '{ [x: string]: {}; } | undefined'.
          Type 'Record<string, unknown>' is not assignable to type '{ [x: string]: {}; }'.
            'string' index signatures are incompatible.
              Type 'unknown' is not assignable to type '{}'.
src/fn/crm-call-logging.ts(466,12): error TS2345: Argument of type '({ data, context }: ServerFnCtx<Register, readonly [FunctionMiddlewareAfterServer<{}, unknown, undefined, { userId: string; }, undefined, undefined, undefined>], ZodObject<{ callRecordIds: ZodArray<...>; options: ZodOptional<...>; }, $strip>>) => Promise<...>' is not assignable to parameter of type 'ServerFn<Register, "POST", readonly [FunctionMiddlewareAfterServer<{}, unknown, undefined, { userId: string; }, undefined, undefined, undefined>], ZodObject<...>, Promise<...>>'.
  Type 'Promise<{ results: ({ success: boolean; syncId: string; isExisting?: boolean | undefined; partnerId?: number | undefined; leadId?: number | undefined; activityId?: number | undefined; messageId?: number | undefined; details?: Record<...> | undefined; error?: string | undefined; callRecordId: string; } | { ...; })[];...' is not assignable to type 'Promise<{ results: ({ success: boolean; syncId: string; isExisting?: boolean | undefined; partnerId?: number | undefined; leadId?: number | undefined; activityId?: number | undefined; messageId?: number | undefined; details?: { ...; } | undefined; error?: string | undefined; callRecordId: string; } | { ...; })[]; su...'.
    Type '{ results: ({ success: boolean; syncId: string; isExisting?: boolean; partnerId?: number; leadId?: number; activityId?: number; messageId?: number; details?: Record<string, unknown>; error?: string; callRecordId: string; } | { ...; })[]; successCount: number; failureCount: number; totalProcessed: number; }' is not assignable to type '{ results: ({ success: boolean; syncId: string; isExisting?: boolean | undefined; partnerId?: number | undefined; leadId?: number | undefined; activityId?: number | undefined; messageId?: number | undefined; details?: { ...; } | undefined; error?: string | undefined; callRecordId: string; } | { ...; })[]; successCou...'.
      Types of property 'results' are incompatible.
        Type '({ success: boolean; syncId: string; isExisting?: boolean | undefined; partnerId?: number | undefined; leadId?: number | undefined; activityId?: number | undefined; messageId?: number | undefined; details?: Record<...> | undefined; error?: string | undefined; callRecordId: string; } | { ...; })[]' is not assignable to type '({ success: boolean; syncId: string; isExisting?: boolean | undefined; partnerId?: number | undefined; leadId?: number | undefined; activityId?: number | undefined; messageId?: number | undefined; details?: { ...; } | undefined; error?: string | undefined; callRecordId: string; } | { ...; })[]'.
          Type '{ success: boolean; syncId: string; isExisting?: boolean | undefined; partnerId?: number | undefined; leadId?: number | undefined; activityId?: number | undefined; messageId?: number | undefined; details?: Record<...> | undefined; error?: string | undefined; callRecordId: string; } | { ...; }' is not assignable to type '{ success: boolean; syncId: string; isExisting?: boolean | undefined; partnerId?: number | undefined; leadId?: number | undefined; activityId?: number | undefined; messageId?: number | undefined; details?: { ...; } | undefined; error?: string | undefined; callRecordId: string; } | { ...; }'.
            Type '{ success: boolean; syncId: string; isExisting?: boolean; partnerId?: number; leadId?: number; activityId?: number; messageId?: number; details?: Record<string, unknown>; error?: string; callRecordId: string; }' is not assignable to type '{ success: boolean; syncId: string; isExisting?: boolean | undefined; partnerId?: number | undefined; leadId?: number | undefined; activityId?: number | undefined; messageId?: number | undefined; details?: { ...; } | undefined; error?: string | undefined; callRecordId: string; } | { ...; }'.
              Type '{ success: boolean; syncId: string; isExisting?: boolean; partnerId?: number; leadId?: number; activityId?: number; messageId?: number; details?: Record<string, unknown>; error?: string; callRecordId: string; }' is not assignable to type '{ success: boolean; syncId: string; isExisting?: boolean | undefined; partnerId?: number | undefined; leadId?: number | undefined; activityId?: number | undefined; messageId?: number | undefined; details?: { ...; } | undefined; error?: string | undefined; callRecordId: string; }'.
                Types of property 'details' are incompatible.
                  Type 'Record<string, unknown> | undefined' is not assignable to type '{ [x: string]: {}; } | undefined'.
                    Type 'Record<string, unknown>' is not assignable to type '{ [x: string]: {}; }'.
                      'string' index signatures are incompatible.
                        Type 'unknown' is not assignable to type '{}'.
src/fn/crm-call-logging.ts(516,12): error TS2345: Argument of type '({ data, context }: ServerFnCtx<Register, readonly [FunctionMiddlewareAfterServer<{}, unknown, undefined, { userId: string; }, undefined, undefined, undefined>], ZodObject<{ maxAttempts: ZodDefault<...>; batchSize: ZodDefault<...>; options: ZodOptional<...>; }, $strip>>) => Promise<...>' is not assignable to parameter of type 'ServerFn<Register, "POST", readonly [FunctionMiddlewareAfterServer<{}, unknown, undefined, { userId: string; }, undefined, undefined, undefined>], ZodObject<...>, Promise<...>>'.
  Type 'Promise<{ results: { syncId: string; success: boolean; isExisting?: boolean | undefined; partnerId?: number | undefined; leadId?: number | undefined; activityId?: number | undefined; messageId?: number | undefined; details?: Record<...> | undefined; error?: string | undefined; }[]; successCount: number; failureCount...' is not assignable to type 'Promise<{ results: { syncId: string; success: boolean; isExisting?: boolean | undefined; partnerId?: number | undefined; leadId?: number | undefined; activityId?: number | undefined; messageId?: number | undefined; details?: { ...; } | undefined; error?: string | undefined; }[]; successCount: number; failureCount: n...'.
    Type '{ results: { syncId: string; success: boolean; isExisting?: boolean; partnerId?: number; leadId?: number; activityId?: number; messageId?: number; details?: Record<string, unknown>; error?: string; }[]; successCount: number; failureCount: number; totalProcessed: number; }' is not assignable to type '{ results: { syncId: string; success: boolean; isExisting?: boolean | undefined; partnerId?: number | undefined; leadId?: number | undefined; activityId?: number | undefined; messageId?: number | undefined; details?: { ...; } | undefined; error?: string | undefined; }[]; successCount: number; failureCount: number; t...'.
      Types of property 'results' are incompatible.
        Type '{ syncId: string; success: boolean; isExisting?: boolean | undefined; partnerId?: number | undefined; leadId?: number | undefined; activityId?: number | undefined; messageId?: number | undefined; details?: Record<...> | undefined; error?: string | undefined; }[]' is not assignable to type '{ syncId: string; success: boolean; isExisting?: boolean | undefined; partnerId?: number | undefined; leadId?: number | undefined; activityId?: number | undefined; messageId?: number | undefined; details?: { ...; } | undefined; error?: string | undefined; }[]'.
          Type '{ syncId: string; success: boolean; isExisting?: boolean; partnerId?: number; leadId?: number; activityId?: number; messageId?: number; details?: Record<string, unknown>; error?: string; }' is not assignable to type '{ syncId: string; success: boolean; isExisting?: boolean | undefined; partnerId?: number | undefined; leadId?: number | undefined; activityId?: number | undefined; messageId?: number | undefined; details?: { ...; } | undefined; error?: string | undefined; }'.
            Types of property 'details' are incompatible.
              Type 'Record<string, unknown> | undefined' is not assignable to type '{ [x: string]: {}; } | undefined'.
                Type 'Record<string, unknown>' is not assignable to type '{ [x: string]: {}; }'.
                  'string' index signatures are incompatible.
                    Type 'unknown' is not assignable to type '{}'.
src/fn/events.ts(57,40): error TS2345: Argument of type '{ id: `${string}-${string}-${string}-${string}-${string}`; title: string; description: string | null; startTime: Date; endTime: Date | null; eventLink: string | null; eventType: "live-session" | "workshop" | "meetup" | "assignment-due"; createdBy: string; }' is not assignable to parameter of type '{ title: string; eventType: string; createdBy: string; startTime: Date; endTime: Date; id?: string | undefined; description?: string | null | undefined; createdAt?: Date | undefined; updatedAt?: Date | undefined; eventLink?: string | ... 1 more ... | undefined; }'.
  Types of property 'endTime' are incompatible.
    Type 'Date | null' is not assignable to type 'Date'.
      Type 'null' is not assignable to type 'Date'.
src/fn/events.ts(142,53): error TS2345: Argument of type '{ title: string; description: string | null; startTime: Date; endTime: Date | null; eventLink: string | null; eventType: "live-session" | "workshop" | "meetup" | "assignment-due" | undefined; }' is not assignable to parameter of type 'Partial<Omit<{ title: string; eventType: string; createdBy: string; startTime: Date; endTime: Date; id?: string | undefined; description?: string | null | undefined; createdAt?: Date | undefined; updatedAt?: Date | undefined; eventLink?: string | ... 1 more ... | undefined; }, "id" | "createdAt">>'.
  Types of property 'endTime' are incompatible.
    Type 'Date | null' is not assignable to type 'Date | undefined'.
      Type 'null' is not assignable to type 'Date | undefined'.
src/fn/kyc-verification.ts(359,62): error TS2345: Argument of type 'number' is not assignable to parameter of type 'string'.
src/fn/qr-payments.ts(958,9): error TS2322: Type 'string | null' is not assignable to type 'string'.
  Type 'null' is not assignable to type 'string'.
src/fn/qr-payments.ts(1023,9): error TS2322: Type 'string | null' is not assignable to type 'string'.
  Type 'null' is not assignable to type 'string'.
src/fn/reactions.ts(43,9): error TS2353: Object literal may only specify known properties, and 'type' does not exist in type '{ id: string; userId: string; createdAt?: Date | undefined; postId?: string | null | undefined; commentId?: string | null | undefined; reactionType?: string | undefined; }'.
src/fn/reactions.ts(109,9): error TS2353: Object literal may only specify known properties, and 'type' does not exist in type '{ id: string; userId: string; createdAt?: Date | undefined; postId?: string | null | undefined; commentId?: string | null | undefined; reactionType?: string | undefined; }'.
src/fn/task-auto-creation-rules.ts(321,12): error TS2345: Argument of type '({ data }: ServerFnCtx<Register, readonly [FunctionMiddlewareAfterServer<{}, unknown, undefined, { userId: string; }, undefined, undefined, undefined>], ZodObject<{ id: ZodString; sampleData: ZodRecord<...>; }, $strip>>) => Promise<...>' is not assignable to parameter of type 'ServerFn<Register, "POST", readonly [FunctionMiddlewareAfterServer<{}, unknown, undefined, { userId: string; }, undefined, undefined, undefined>], ZodObject<...>, Promise<...>>'.
  Type 'Promise<{ result: { matches: boolean; conditionResults: { field: string; operator: TaskRuleConditionOperator; expectedValue: unknown; actualValue: unknown; passed: boolean; }[]; }; }>' is not assignable to type 'Promise<{ result: { matches: boolean; conditionResults: { field: string; operator: TaskRuleConditionOperator; expectedValue: {}; actualValue: {}; passed: boolean; }[]; }; }>'.
    Type '{ result: { matches: boolean; conditionResults: Array<{ field: string; operator: TaskRuleConditionOperator; expectedValue: unknown; actualValue: unknown; passed: boolean; }>; }; }' is not assignable to type '{ result: { matches: boolean; conditionResults: { field: string; operator: TaskRuleConditionOperator; expectedValue: {}; actualValue: {}; passed: boolean; }[]; }; }'.
      The types of 'result.conditionResults' are incompatible between these types.
        Type '{ field: string; operator: TaskRuleConditionOperator; expectedValue: unknown; actualValue: unknown; passed: boolean; }[]' is not assignable to type '{ field: string; operator: TaskRuleConditionOperator; expectedValue: {}; actualValue: {}; passed: boolean; }[]'.
          Type '{ field: string; operator: TaskRuleConditionOperator; expectedValue: unknown; actualValue: unknown; passed: boolean; }' is not assignable to type '{ field: string; operator: TaskRuleConditionOperator; expectedValue: {}; actualValue: {}; passed: boolean; }'.
            Types of property 'expectedValue' are incompatible.
              Type 'unknown' is not assignable to type '{}'.
src/hooks/useAnomalyDetection.ts(394,11): error TS18046: 'result' is of type 'unknown'.
src/hooks/useAnomalyDetection.ts(396,66): error TS18046: 'result' is of type 'unknown'.
src/hooks/useClaude.ts(64,5): error TS2322: Type '(data: { messages: Message[]; model?: ClaudeModel | undefined; maxTokens?: number | undefined; system?: string | undefined; temperature?: number | undefined; enableCaching?: boolean | undefined; }) => Promise<...>' is not assignable to type 'MutationFunction<SendClaudeMessageResult, { messages: Message[]; model?: ClaudeModel | undefined; maxTokens?: number | undefined; system?: string | undefined; temperature?: number | undefined; enableCaching?: boolean | undefined; }>'.
  Type 'Promise<unknown>' is not assignable to type 'Promise<SendClaudeMessageResult>'.
    Type 'unknown' is not assignable to type 'SendClaudeMessageResult'.
src/hooks/useClaude.ts(85,5): error TS2322: Type '(data: { messages: Message[]; tools: Tool[]; toolChoice?: ToolChoice | undefined; model?: ClaudeModel | undefined; maxTokens?: number | undefined; system?: string | undefined; temperature?: number | undefined; }) => Promise<...>' is not assignable to type 'MutationFunction<SendClaudeMessageWithToolsResult, { messages: Message[]; tools: Tool[]; toolChoice?: ToolChoice | undefined; model?: ClaudeModel | undefined; maxTokens?: number | undefined; system?: string | undefined; temperature?: number | undefined; }>'.
  Type 'Promise<unknown>' is not assignable to type 'Promise<SendClaudeMessageWithToolsResult>'.
    Type 'unknown' is not assignable to type 'SendClaudeMessageWithToolsResult'.
src/hooks/useClaude.ts(211,27): error TS2339: Property 'error' does not exist on type 'SendClaudeMessageResult'.
  Property 'error' does not exist on type '{ success: true; response: { id: string; content: ContentBlock[]; model: string; stopReason: string | null; usage: Usage; }; cacheStats?: CacheStats | undefined; }'.
src/hooks/useClaude.ts(212,27): error TS2339: Property 'error' does not exist on type 'SendClaudeMessageResult'.
  Property 'error' does not exist on type '{ success: true; response: { id: string; content: ContentBlock[]; model: string; stopReason: string | null; usage: Usage; }; cacheStats?: CacheStats | undefined; }'.
src/hooks/useClaude.ts(213,36): error TS2339: Property 'error' does not exist on type 'SendClaudeMessageResult'.
  Property 'error' does not exist on type '{ success: true; response: { id: string; content: ContentBlock[]; model: string; stopReason: string | null; usage: Usage; }; cacheStats?: CacheStats | undefined; }'.
src/hooks/useOcrProcessing.ts(110,18): error TS2345: Argument of type '(prev: OcrProcessingState) => { status: "reviewing"; extractionResult: ReceiptExtractionResult | undefined; extractionId: `${string}-${string}-${string}-${string}-${string}`; processingTimeMs: number | null; error: null; imagePreviewUrl: string | null; correctedData: CorrectedReceiptData | null; }' is not assignable to parameter of type 'SetStateAction<OcrProcessingState>'.
  Type '(prev: OcrProcessingState) => { status: "reviewing"; extractionResult: ReceiptExtractionResult | undefined; extractionId: `${string}-${string}-${string}-${string}-${string}`; processingTimeMs: number | null; error: null; imagePreviewUrl: string | null; correctedData: CorrectedReceiptData | null; }' is not assignable to type '(prevState: OcrProcessingState) => OcrProcessingState'.
    Call signature return types '{ status: "reviewing"; extractionResult: ReceiptExtractionResult | undefined; extractionId: `${string}-${string}-${string}-${string}-${string}`; processingTimeMs: number | null; error: null; imagePreviewUrl: string | null; correctedData: CorrectedReceiptData | null; }' and 'OcrProcessingState' are incompatible.
      The types of 'extractionResult' are incompatible between these types.
        Type 'ReceiptExtractionResult | undefined' is not assignable to type 'ReceiptExtractionResult | null'.
          Type 'undefined' is not assignable to type 'ReceiptExtractionResult | null'.
src/hooks/useOdooDiscuss.ts(291,22): error TS2554: Expected 1 arguments, but got 0.
src/hooks/useOdooDiscuss.ts(352,23): error TS2554: Expected 1 arguments, but got 0.
src/hooks/useQrPayments.ts(241,32): error TS2322: Type '{ qrPaymentId: string; payerWalletId: string; paidAmount: string; paidCurrency: string; idempotencyKey: string; }' is not assignable to type '{ qrPaymentId: string; payerWalletId: string; paidAmount: string; paidCurrency: "USD" | "EUR" | "GBP" | "NGN" | "KES" | "GHS" | "ZAR" | "INR" | "PHP"; idempotencyKey: string; }'.
  Types of property 'paidCurrency' are incompatible.
    Type 'string' is not assignable to type '"USD" | "EUR" | "GBP" | "NGN" | "KES" | "GHS" | "ZAR" | "INR" | "PHP"'.
src/hooks/useWorkflowAutomation.ts(230,40): error TS2322: Type '{ name: string; description?: string | undefined; category?: string | undefined; version?: string | undefined; triggerConfig: { type: WorkflowTriggerType; schedule?: string | undefined; eventType?: string | undefined; webhookSecret?: string | undefined; conditions?: { ...; }[] | undefined; }; steps: WorkflowStepDefi...' is not assignable to type '{ name: string; triggerConfig: { type: "schedule" | "manual" | "api" | "webhook" | "event"; schedule?: string | undefined; eventType?: string | undefined; webhookSecret?: string | undefined; conditions?: { ...; }[] | undefined; }; ... 5 more ...; settings?: { ...; } | undefined; }'.
  The types of 'triggerConfig.conditions' are incompatible between these types.
    Type '{ field: string; operator: string; value: unknown; }[] | undefined' is not assignable to type '{ field: string; operator: "equals" | "not_equals" | "greater_than" | "less_than" | "greater_than_or_equals" | "less_than_or_equals" | "contains" | "not_contains" | "starts_with" | ... 5 more ... | "regex_match"; value: unknown; }[] | undefined'.
      Type '{ field: string; operator: string; value: unknown; }[]' is not assignable to type '{ field: string; operator: "equals" | "not_equals" | "greater_than" | "less_than" | "greater_than_or_equals" | "less_than_or_equals" | "contains" | "not_contains" | "starts_with" | ... 5 more ... | "regex_match"; value: unknown; }[]'.
        Type '{ field: string; operator: string; value: unknown; }' is not assignable to type '{ field: string; operator: "equals" | "not_equals" | "greater_than" | "less_than" | "greater_than_or_equals" | "less_than_or_equals" | "contains" | "not_contains" | "starts_with" | ... 5 more ... | "regex_match"; value: unknown; }'.
          Types of property 'operator' are incompatible.
            Type 'string' is not assignable to type '"equals" | "not_equals" | "greater_than" | "less_than" | "greater_than_or_equals" | "less_than_or_equals" | "contains" | "not_contains" | "starts_with" | "ends_with" | "is_empty" | "is_not_empty" | "in" | "not_in" | "regex_match"'.
src/hooks/useWorkflowAutomation.ts(268,40): error TS2322: Type '{ id: string; name?: string | undefined; description?: string | null | undefined; category?: string | null | undefined; version?: string | undefined; triggerConfig?: { type: WorkflowTriggerType; schedule?: string | undefined; eventType?: string | undefined; webhookSecret?: string | undefined; conditions?: { ...; }[]...' is not assignable to type '{ id: string; name?: string | undefined; description?: string | null | undefined; category?: string | null | undefined; version?: string | undefined; triggerConfig?: { type: "schedule" | "manual" | "api" | "webhook" | "event"; schedule?: string | undefined; eventType?: string | undefined; webhookSecret?: string | un...'.
  Types of property 'triggerConfig' are incompatible.
    Type '{ type: WorkflowTriggerType; schedule?: string | undefined; eventType?: string | undefined; webhookSecret?: string | undefined; conditions?: { field: string; operator: string; value: unknown; }[] | undefined; } | undefined' is not assignable to type '{ type: "schedule" | "manual" | "api" | "webhook" | "event"; schedule?: string | undefined; eventType?: string | undefined; webhookSecret?: string | undefined; conditions?: { field: string; operator: "equals" | ... 13 more ... | "regex_match"; value: unknown; }[] | undefined; } | undefined'.
      Type '{ type: WorkflowTriggerType; schedule?: string | undefined; eventType?: string | undefined; webhookSecret?: string | undefined; conditions?: { field: string; operator: string; value: unknown; }[] | undefined; }' is not assignable to type '{ type: "schedule" | "manual" | "api" | "webhook" | "event"; schedule?: string | undefined; eventType?: string | undefined; webhookSecret?: string | undefined; conditions?: { field: string; operator: "equals" | ... 13 more ... | "regex_match"; value: unknown; }[] | undefined; }'.
        Types of property 'conditions' are incompatible.
          Type '{ field: string; operator: string; value: unknown; }[] | undefined' is not assignable to type '{ field: string; operator: "equals" | "not_equals" | "greater_than" | "less_than" | "greater_than_or_equals" | "less_than_or_equals" | "contains" | "not_contains" | "starts_with" | ... 5 more ... | "regex_match"; value: unknown; }[] | undefined'.
            Type '{ field: string; operator: string; value: unknown; }[]' is not assignable to type '{ field: string; operator: "equals" | "not_equals" | "greater_than" | "less_than" | "greater_than_or_equals" | "less_than_or_equals" | "contains" | "not_contains" | "starts_with" | ... 5 more ... | "regex_match"; value: unknown; }[]'.
              Type '{ field: string; operator: string; value: unknown; }' is not assignable to type '{ field: string; operator: "equals" | "not_equals" | "greater_than" | "less_than" | "greater_than_or_equals" | "less_than_or_equals" | "contains" | "not_contains" | "starts_with" | ... 5 more ... | "regex_match"; value: unknown; }'.
                Types of property 'operator' are incompatible.
                  Type 'string' is not assignable to type '"equals" | "not_equals" | "greater_than" | "less_than" | "greater_than_or_equals" | "less_than_or_equals" | "contains" | "not_contains" | "starts_with" | "ends_with" | "is_empty" | "is_not_empty" | "in" | "not_in" | "regex_match"'.
src/hooks/useWorkflowAutomation.ts(443,42): error TS2322: Type '{ steps: WorkflowStepDefinition[]; triggerConfig: { type: WorkflowTriggerType; schedule?: string | undefined; eventType?: string | undefined; webhookSecret?: string | undefined; conditions?: { ...; }[] | undefined; }; }' is not assignable to type '{ steps: { id: string; name: string; type: "condition" | "notification" | "action" | "approval" | "integration" | "branch" | "wait" | "loop" | "parallel"; config: Record<string, unknown>; ... 5 more ...; timeout?: number | undefined; }[]; triggerConfig: { ...; }; }'.
  Types of property 'steps' are incompatible.
    Type 'WorkflowStepDefinition[]' is not assignable to type '{ id: string; name: string; type: "condition" | "notification" | "action" | "approval" | "integration" | "branch" | "wait" | "loop" | "parallel"; config: Record<string, unknown>; description?: string | undefined; ... 4 more ...; timeout?: number | undefined; }[]'.
      Type 'WorkflowStepDefinition' is not assignable to type '{ id: string; name: string; type: "condition" | "notification" | "action" | "approval" | "integration" | "branch" | "wait" | "loop" | "parallel"; config: Record<string, unknown>; description?: string | undefined; ... 4 more ...; timeout?: number | undefined; }'.
        Types of property 'retryConfig' are incompatible.
          Type '{ maxRetries: number; retryDelaySeconds: number; } | undefined' is not assignable to type '{ maxRetries: number; retryDelayMs: number; backoffMultiplier?: number | undefined; } | undefined'.
            Property 'retryDelayMs' is missing in type '{ maxRetries: number; retryDelaySeconds: number; }' but required in type '{ maxRetries: number; retryDelayMs: number; backoffMultiplier?: number | undefined; }'.
src/lib/ai-coo/action-protocol.v1_1.ts(181,24): error TS2554: Expected 2-3 arguments, but got 1.
src/lib/ai-coo/action-protocol.v1_1.ts(254,21): error TS2554: Expected 2-3 arguments, but got 1.
src/lib/ai-coo/action-protocol.v1_1.ts(332,15): error TS2554: Expected 2-3 arguments, but got 1.
src/lib/ai-coo/action-recommender.ts(28,15): error TS2724: '"~/db/ai-coo-schema"' has no exported member named 'AnalysisResult'. Did you mean 'analysisResults'?
src/lib/ai-coo/action-recommender.ts(410,9): error TS2559: Type 'string[]' has no properties in common with type 'ReadOptions'.
src/lib/ai-coo/analyzers/financial.ts(254,43): error TS2339: Property 'daysToPayAvg' does not exist on type 'ARAgingData'.
src/lib/ai-coo/revalidation-executor.ts(13,10): error TS2724: '"~/lib/odoo/client"' has no exported member named 'getOdooClient'. Did you mean 'OdooClient'?
src/lib/ai-coo/revalidation-executor.ts(14,20): error TS2307: Cannot find module '~/db/client' or its corresponding type declarations.
src/lib/ai-coo/safe-operations/index.ts(15,10): error TS2724: '"~/lib/odoo/client"' has no exported member named 'getOdooClient'. Did you mean 'OdooClient'?
src/lib/ai-coo/safe-operations/index.ts(117,27): error TS2339: Property 'text' does not exist on type '{ to: string; subject: string; body_text: string; cc?: string[] | undefined; body_html?: string | undefined; template_id?: string | undefined; template_vars?: Record<string | number | symbol, unknown> | undefined; }'.
src/lib/ai-coo/safe-operations/index.ts(117,79): error TS2339: Property 'html_body' does not exist on type '{ to: string; subject: string; body_text: string; cc?: string[] | undefined; body_html?: string | undefined; template_id?: string | undefined; template_vars?: Record<string | number | symbol, unknown> | undefined; }'.
src/lib/ai-coo/scheduler/index.ts(12,36): error TS2503: Cannot find namespace 'cron'.
src/lib/claude/__tests__/sdk-client.test.ts(5,54): error TS2307: Cannot find module 'vitest' or its corresponding type declarations.
src/lib/claude/__tests__/sdk-client.test.ts(45,19): error TS2322: Type '{ type: "text"; text: string; }' is not assignable to type 'ContentBlock'.
  Property 'citations' is missing in type '{ type: "text"; text: string; }' but required in type 'TextBlock'.
src/lib/claude/__tests__/sdk-client.test.ts(49,9): error TS2739: Type '{ input_tokens: number; output_tokens: number; cache_creation_input_tokens: number; cache_read_input_tokens: number; }' is missing the following properties from type 'Usage': cache_creation, server_tool_use, service_tier
src/lib/claude/__tests__/sdk-client.test.ts(91,19): error TS2322: Type '{ type: "text"; text: string; }' is not assignable to type 'ContentBlock'.
  Property 'citations' is missing in type '{ type: "text"; text: string; }' but required in type 'TextBlock'.
src/lib/claude/__tests__/sdk-client.test.ts(95,9): error TS2739: Type '{ input_tokens: number; output_tokens: number; cache_creation_input_tokens: number; cache_read_input_tokens: number; }' is missing the following properties from type 'Usage': cache_creation, server_tool_use, service_tier
src/lib/claude/__tests__/sdk-client.test.ts(121,19): error TS2322: Type '{ type: "text"; text: string; }' is not assignable to type 'ContentBlock'.
  Property 'citations' is missing in type '{ type: "text"; text: string; }' but required in type 'TextBlock'.
src/lib/claude/__tests__/sdk-client.test.ts(125,9): error TS2739: Type '{ input_tokens: number; output_tokens: number; cache_creation_input_tokens: number; cache_read_input_tokens: number; }' is missing the following properties from type 'Usage': cache_creation, server_tool_use, service_tier
src/lib/claude/__tests__/sdk-client.test.ts(159,19): error TS2322: Type '{ type: "text"; text: string; }' is not assignable to type 'ContentBlock'.
  Property 'citations' is missing in type '{ type: "text"; text: string; }' but required in type 'TextBlock'.
src/lib/claude/__tests__/sdk-client.test.ts(163,9): error TS2739: Type '{ input_tokens: number; output_tokens: number; cache_creation_input_tokens: number; cache_read_input_tokens: number; }' is missing the following properties from type 'Usage': cache_creation, server_tool_use, service_tier
src/lib/claude/__tests__/sdk-client.test.ts(194,11): error TS2322: Type '{ type: "text"; text: string; }' is not assignable to type 'ContentBlock'.
  Property 'citations' is missing in type '{ type: "text"; text: string; }' but required in type 'TextBlock'.
src/lib/claude/__tests__/sdk-client.test.ts(195,11): error TS2322: Type '{ type: "text"; text: string; }' is not assignable to type 'ContentBlock'.
  Property 'citations' is missing in type '{ type: "text"; text: string; }' but required in type 'TextBlock'.
src/lib/claude/__tests__/sdk-client.test.ts(200,9): error TS2739: Type '{ input_tokens: number; output_tokens: number; cache_creation_input_tokens: number; cache_read_input_tokens: number; }' is missing the following properties from type 'Usage': cache_creation, server_tool_use, service_tier
src/lib/claude/__tests__/sdk-client.test.ts(219,19): error TS2322: Type '{ type: "text"; text: string; }' is not assignable to type 'ContentBlock'.
  Property 'citations' is missing in type '{ type: "text"; text: string; }' but required in type 'TextBlock'.
src/lib/claude/__tests__/sdk-client.test.ts(223,9): error TS2739: Type '{ input_tokens: number; output_tokens: number; cache_creation_input_tokens: number; cache_read_input_tokens: number; }' is missing the following properties from type 'Usage': cache_creation, server_tool_use, service_tier
src/lib/claude/__tests__/sdk-client.test.ts(252,19): error TS2322: Type '{ type: "text"; text: string; }' is not assignable to type 'ContentBlock'.
  Property 'citations' is missing in type '{ type: "text"; text: string; }' but required in type 'TextBlock'.
src/lib/claude/__tests__/sdk-client.test.ts(256,9): error TS2739: Type '{ input_tokens: number; output_tokens: number; cache_creation_input_tokens: number; cache_read_input_tokens: number; }' is missing the following properties from type 'Usage': cache_creation, server_tool_use, service_tier
src/lib/demo-environment/service.ts(180,17): error TS2769: No overload matches this call.
  Overload 1 of 3, '(left: Column<ColumnBaseConfig<ColumnDataType, string>, object, object>, right: unknown): SQL<unknown>', gave the following error.
    Argument of type 'Date' is not assignable to parameter of type 'Column<ColumnBaseConfig<ColumnDataType, string>, object, object>'.
      Type 'Date' is missing the following properties from type 'Column<ColumnBaseConfig<ColumnDataType, string>, object, object>': table, _, name, keyAsName, and 19 more.
  Overload 2 of 3, '(left: Aliased<PgColumn<{ name: "expires_at"; tableName: "demo_session"; dataType: "date"; columnType: "PgTimestamp"; data: Date; driverParam: string; notNull: true; hasDefault: false; isPrimaryKey: false; ... 5 more ...; generated: undefined; }, {}, {}>>, right: SQLWrapper | PgColumn<...>): SQL<...>', gave the following error.
    Argument of type 'Date' is not assignable to parameter of type 'Aliased<PgColumn<{ name: "expires_at"; tableName: "demo_session"; dataType: "date"; columnType: "PgTimestamp"; data: Date; driverParam: string; notNull: true; hasDefault: false; isPrimaryKey: false; ... 5 more ...; generated: undefined; }, {}, {}>>'.
      Type 'Date' is missing the following properties from type 'Aliased<PgColumn<{ name: "expires_at"; tableName: "demo_session"; dataType: "date"; columnType: "PgTimestamp"; data: Date; driverParam: string; notNull: true; hasDefault: false; isPrimaryKey: false; ... 5 more ...; generated: undefined; }, {}, {}>>': sql, fieldAlias, _, getSQL
  Overload 3 of 3, '(left: SQLWrapper, right: unknown): SQL<unknown>', gave the following error.
    Argument of type 'Date' is not assignable to parameter of type 'SQLWrapper'.
      Property 'getSQL' is missing in type 'Date' but required in type 'SQLWrapper'.
src/lib/demo-environment/service.ts(215,32): error TS2339: Property 'raw' does not exist on type 'NodePgDatabase<typeof import("C:/repos/AIOM-V2/src/db/schema")> & { $client: Pool; }'.
src/lib/odoo/gl-posting.ts(9,3): error TS2305: Module '"./types"' has no exported member 'OdooClient'.
src/lib/odoo/gl-posting.ts(182,28): error TS7006: Parameter 'account' implicitly has an 'any' type.
src/lib/offline-sync/conflict-resolver.ts(161,9): error TS2322: Type 'ConflictResolutionResult<unknown>' is not assignable to type 'ConflictResolutionResult<T>'.
  Type 'unknown' is not assignable to type 'T'.
    'T' could be instantiated with an arbitrary type which could be unrelated to 'unknown'.
src/lib/stripe.ts(5,3): error TS2322: Type '"2025-11-17.clover"' is not assignable to type '"2025-12-15.clover"'.
src/lib/task-management-tools/definitions.ts(334,45): error TS2344: Type 'Record<string, unknown>' does not satisfy the constraint 'OdooRecord'.
  Property 'id' is missing in type 'Record<string, unknown>' but required in type 'OdooRecord'.
src/lib/task-management-tools/definitions.ts(998,58): error TS2345: Argument of type 'Record<string, unknown>' is not assignable to parameter of type 'Record<string, XmlRpcValue>'.
  'string' index signatures are incompatible.
    Type 'unknown' is not assignable to type 'XmlRpcValue'.
src/lib/task-management-tools/definitions.ts(1130,58): error TS2345: Argument of type 'Record<string, unknown>' is not assignable to parameter of type 'Record<string, XmlRpcValue>'.
  'string' index signatures are incompatible.
    Type 'unknown' is not assignable to type 'XmlRpcValue'.
src/lib/task-management-tools/definitions.ts(1461,45): error TS2344: Type '{ project_id: [number, string]; }' does not satisfy the constraint 'OdooRecord'.
  Property 'id' is missing in type '{ project_id: [number, string]; }' but required in type 'OdooRecord'.
src/lib/task-management-tools/definitions.ts(1496,61): error TS2345: Argument of type 'Record<string, unknown>' is not assignable to parameter of type 'Record<string, XmlRpcValue>'.
  'string' index signatures are incompatible.
    Type 'unknown' is not assignable to type 'XmlRpcValue'.
src/lib/task-management-tools/definitions.ts(1576,58): error TS2345: Argument of type 'Record<string, unknown>' is not assignable to parameter of type 'Record<string, XmlRpcValue>'.
  'string' index signatures are incompatible.
    Type 'unknown' is not assignable to type 'XmlRpcValue'.
src/use-cases/message-priority.ts(325,61): error TS2345: Argument of type 'MessageResponse | Message' is not assignable to parameter of type 'MessageResponse & Message'.
  Type 'MessageResponse' is not assignable to type 'MessageResponse & Message'.
    Type 'MessageResponse' is not assignable to type 'Message'.
      Types of property 'content' are incompatible.
        Type 'import("C:/repos/AIOM-V2/src/lib/claude/types").ContentBlock[]' is not assignable to type 'import("C:/repos/AIOM-V2/node_modules/@anthropic-ai/sdk/resources/messages/messages").ContentBlock[]'.
          Type 'import("C:/repos/AIOM-V2/src/lib/claude/types").ContentBlock' is not assignable to type 'import("C:/repos/AIOM-V2/node_modules/@anthropic-ai/sdk/resources/messages/messages").ContentBlock'.
            Type 'TextContent' is not assignable to type 'ContentBlock'.
              Property 'citations' is missing in type 'TextContent' but required in type 'TextBlock'.
